../Core/Src/main.c:99:5:main	24	static
../Core/Src/main.c:204:6:SystemClock_Config	96	static
../Core/Src/main.c:260:13:MX_ADC1_Init	48	static
../Core/Src/main.c:327:13:MX_I2C1_Init	8	static
../Core/Src/main.c:375:13:MX_RTC_Init	8	static
../Core/Src/main.c:411:13:MX_SPI1_Init	8	static
../Core/Src/main.c:451:13:MX_USART2_UART_Init	8	static
../Core/Src/main.c:484:13:MX_DMA_Init	16	static
../Core/Src/main.c:502:13:MX_GPIO_Init	48	static
../Core/Src/main.c:562:6:Sleep_Mode_Node	8	static
../Core/Src/main.c:606:6:Error_Handler	4	static,ignoring_inline_asm
