../Core/Src/main.c:114:5:main	8	static
../Core/Src/main.c:230:6:SystemClock_Config	96	static
../Core/Src/main.c:293:13:MX_ADC1_Init	32	static
../Core/Src/main.c:360:13:MX_I2C1_Init	8	static
../Core/Src/main.c:408:13:MX_RTC_Init	8	static
../Core/Src/main.c:451:13:MX_SPI1_Init	8	static
../Core/Src/main.c:491:13:MX_USART2_UART_Init	8	static
../Core/Src/main.c:524:13:MX_DMA_Init	16	static
../Core/Src/main.c:542:13:MX_GPIO_Init	40	static
../Core/Src/main.c:586:6:Sleep_Mode_Node	8	static
../Core/Src/main.c:609:6:CO	16	static
../Core/Src/main.c:674:6:Error_Handler	4	static,ignoring_inline_asm
