../Core/Src/main.c:110:5:main	8	static
../Core/Src/main.c:224:6:SystemClock_Config	96	static
../Core/Src/main.c:282:13:MX_ADC1_Init	32	static
../Core/Src/main.c:340:13:MX_I2C1_Init	8	static
../Core/Src/main.c:388:13:MX_LPUART1_UART_Init	8	static
../Core/Src/main.c:422:13:MX_OPAMP1_Init	8	static
../Core/Src/main.c:453:13:MX_RTC_Init	8	static
../Core/Src/main.c:496:13:MX_SPI3_Init	8	static
../Core/Src/main.c:536:13:MX_GPIO_Init	48	static
../Core/Src/main.c:602:6:Sleep_Mode_Node	8	static
../Core/Src/main.c:625:6:CO	16	static
../Core/Src/main.c:660:6:Error_Handler	4	static,ignoring_inline_asm
